
> backend@1.0.0 test
> cross-env NODE_OPTIONS=--experimental-vm-modules jest tests/auth.test.js

node.exe : FAIL 
tests/auth.test.js
At line:1 char:1
+ & "C:\Program 
Files\nodejs/node.exe" 
"C:\Program 
Files\nodejs/node_mo ...
+ ~~~~~~~~~~~~~~~~~~~~~~~~~
~~~~~~~~~~~~~~~~~~~~~~~~~~~
~~~~~~~~~~~~~~~~~
    + CategoryInfo         
     : NotSpecified: (FAI  
  L tests/auth.test.js:S   
 tring) [], RemoteExcep    
tion
    + FullyQualifiedErrorI 
   d : NativeCommandError
 
  ΓùÅ Test suite failed to 
run

    SyntaxError: The 
requested module 
'../models/userModel.js' 
does not provide an export 
named 'default'

      at Runtime.linkAndEva
luateModule (node_modules/j
est-runtime/build/index.js:
684:5)

Test Suites: 1 failed, 1 
total
Tests:       0 total
Snapshots:   0 total
Time:        3.673 s
Ran all test suites 
matching 
tests/auth.test.js.
Force exiting Jest: Have 
you considered using 
`--detectOpenHandles` to 
detect async operations 
that kept running after 
all tests finished?
